src/components/PublicFooter.tsx(9,11): error TS6133: 'handleProtectedAction' is declared but its value is never read.
src/components/PublicFooter.tsx(85,40): error TS6133: 'error' is declared but its value is never read.
src/pages/admin/Subscriptions.tsx(6,18): error TS6133: 'setSubs' is declared but its value is never read.
src/pages/landing/LearnerLanding.tsx(2,10): error TS6133: 'Link' is declared but its value is never read.
src/pages/landing/ParentLanding.tsx(2,10): error TS6133: 'Link' is declared but its value is never read.
src/pages/landing/TeacherLanding.tsx(2,10): error TS6133: 'Link' is declared but its value is never read.
src/pages/ProfileSettings.tsx(5,26): error TS6133: 'updateEmail' is declared but its value is never read.
src/pages/ProfileSettings.tsx(10,9): error TS6133: 'navigate' is declared but its value is never read.
src/pages/ProfileSettings.tsx(18,17): error TS6133: 'setEmail' is declared but its value is never read.
src/pages/ProfileSettings.tsx(19,10): error TS6133: 'school' is declared but its value is never read.
src/pages/ProfileSettings.tsx(19,18): error TS6133: 'setSchool' is declared but its value is never read.
src/pages/ProfileSettings.tsx(123,11): error TS2353: Object literal may only specify known properties, and 'notificationPreferences' does not exist in type 'Partial<UserProfile>'.
src/pages/SearchResults.tsx(1,17): error TS6133: 'useState' is declared but its value is never read.
src/services/quiz.service.ts(7,3): error TS6133: 'updateDoc' is declared but its value is never read.
src/services/quiz.service.ts(15,10): error TS1484: 'Quiz' is a type and must be imported using a type-only import when 'verbatimModuleSyntax' is enabled.
src/services/quiz.service.ts(15,16): error TS1484: 'QuizAttempt' is a type and must be imported using a type-only import when 'verbatimModuleSyntax' is enabled.
src/services/quiz.service.ts(15,29): error TS1484: 'QuizQuestion' is a type and must be imported using a type-only import when 'verbatimModuleSyntax' is enabled.
src/services/video.service.ts(11,3): error TS6133: 'limit' is declared but its value is never read.
src/services/video.service.ts(18,10): error TS1484: 'VideoContent' is a type and must be imported using a type-only import when 'verbatimModuleSyntax' is enabled.
src/services/video.service.ts(18,24): error TS1484: 'VideoProgress' is a type and must be imported using a type-only import when 'verbatimModuleSyntax' is enabled.
